$ git checkout master
Already on 'master'
$ git reset --hard stable
HEAD is now at d91dfbb Merge git://git.kernel.org/pub/scm/linux/kernel/git/rusty/linux-2.6-lguest-and-virtio
Merging origin/master
$ git merge origin/master
Updating d91dfbb..a939b96
Fast forward
 MAINTAINERS                   |   17 +++++++++++++++++
 arch/frv/kernel/setup.c       |    1 -
 drivers/acpi/sleep.c          |    8 ++++----
 drivers/base/core.c           |    3 ++-
 drivers/char/agp/generic.c    |    4 ++--
 drivers/gpu/drm/drm_stub.c    |   11 ++++++++++-
 drivers/gpu/drm/drm_sysfs.c   |    1 +
 drivers/gpu/drm/via/via_dma.c |   12 +++++++-----
 drivers/md/bitmap.c           |    7 ++++---
 drivers/md/md.c               |   41 ++++++++++++++++++++++++++++-------------
 drivers/md/md.h               |   21 +++++++++++++--------
 drivers/md/raid5.c            |    7 ++++++-
 include/linux/suspend.h       |   36 ++++++++++++++++++++++++++----------
 kernel/power/main.c           |   24 +++++++++++++++++-------
 lib/kobject.c                 |    3 +++
 15 files changed, 140 insertions(+), 56 deletions(-)
Merging arm-current/master
$ git merge arm-current/master
Merge made by recursive.
 arch/arm/include/asm/unistd.h             |    2 ++
 arch/arm/kernel/calls.S                   |    2 ++
 arch/arm/mach-imx/include/mach/gpio.h     |    1 +
 arch/arm/mach-pxa/include/mach/audio.h    |   10 ++++++++++
 arch/arm/mach-pxa/include/mach/palmasoc.h |    7 +------
 arch/arm/mach-pxa/mioa701.c               |    6 +++++-
 arch/arm/mach-pxa/palmld.c                |   18 +++++++++++++++---
 arch/arm/mach-pxa/palmt5.c                |   18 +++++++++++++++---
 arch/arm/mach-pxa/palmtx.c                |   23 ++++++++++++++++++++++-
 arch/arm/mach-pxa/pcm990-baseboard.c      |    6 +++---
 include/sound/pxa2xx-lib.h                |   15 ---------------
 sound/arm/pxa2xx-ac97-lib.c               |    2 +-
 sound/soc/pxa/palm27x.c                   |   27 +++++++++++++++++++++++----
 13 files changed, 100 insertions(+), 37 deletions(-)
Merging m68k-current/for-linus
$ git merge m68k-current/for-linus
Already up-to-date.
Merging powerpc-merge/merge
$ git merge powerpc-merge/merge
Already up-to-date.
Merging sparc-current/master
$ git merge sparc-current/master
Already up-to-date.
Merging scsi-rc-fixes/master
$ git merge scsi-rc-fixes/master
Already up-to-date.
Merging net-current/master
$ git merge net-current/master
Auto-merging MAINTAINERS
Merge made by recursive.
 MAINTAINERS                                 |   11 ++++-
 drivers/net/Kconfig                         |    4 +-
 drivers/net/cxgb3/cxgb3_main.c              |   44 ++++++++++------------
 drivers/net/cxgb3/t3_hw.c                   |   11 +-----
 drivers/net/e1000/e1000_main.c              |    6 +-
 drivers/net/e1000e/netdev.c                 |    8 ++--
 drivers/net/ixgbe/ixgbe_dcb_82599.c         |   28 ++++++++-----
 drivers/net/ixgbe/ixgbe_main.c              |   54 ++++++++++++++++++++++++--
 drivers/net/macb.c                          |   28 +++-----------
 drivers/net/macvlan.c                       |    9 +++-
 drivers/net/ps3_gelic_wireless.c            |    3 +
 drivers/net/tun.c                           |   47 ++++++++++++-----------
 drivers/net/usb/pegasus.c                   |    1 +
 drivers/net/wireless/airo.c                 |    2 +-
 drivers/net/wireless/ar9170/hw.h            |    8 ++--
 drivers/net/wireless/ar9170/usb.c           |    4 ++
 drivers/net/wireless/at76c50x-usb.c         |    2 +
 drivers/net/wireless/ath9k/recv.c           |    4 +-
 drivers/net/wireless/b43/dma.c              |   50 ++++++++++++++++++++-----
 drivers/net/wireless/b43/main.c             |    5 ++
 drivers/net/wireless/b43/phy_common.c       |   16 ++++++--
 drivers/net/wireless/b43/phy_common.h       |    4 +-
 drivers/net/wireless/iwlwifi/iwl3945-base.c |    2 +
 drivers/net/wireless/libertas/rx.c          |    2 +
 drivers/net/wireless/orinoco/hw.c           |    8 +--
 drivers/net/wireless/p54/p54.h              |   12 +++---
 drivers/net/wireless/p54/p54spi.c           |   25 ++++++------
 drivers/net/wireless/p54/p54usb.c           |    1 +
 drivers/net/wireless/rt2x00/rt2x00dev.c     |    4 +-
 drivers/net/wireless/rt2x00/rt73usb.c       |    2 +
 include/net/netfilter/nf_nat.h              |    1 +
 net/8021q/vlan_dev.c                        |    3 +-
 net/ax25/ax25_uid.c                         |   12 ++++-
 net/bluetooth/hci_event.c                   |   38 +++++++++++++-----
 net/bluetooth/rfcomm/core.c                 |    2 +
 net/can/af_can.c                            |    4 +-
 net/core/dev.c                              |   13 ++++--
 net/ipv4/netfilter/nf_nat_core.c            |    3 +-
 net/ipv4/tcp.c                              |    6 ++-
 net/ipv4/tcp_output.c                       |    2 +-
 net/mac80211/main.c                         |    2 +-
 net/mac80211/mlme.c                         |   26 +++++++++---
 net/mac80211/rx.c                           |   13 ++++--
 net/mac80211/wext.c                         |   43 +++++++++++++++++----
 net/netfilter/nf_conntrack_helper.c         |    2 +-
 net/netfilter/nf_conntrack_netlink.c        |   10 +++--
 net/netfilter/nf_log.c                      |    4 ++
 net/netfilter/nfnetlink.c                   |    2 +-
 net/sched/sch_netem.c                       |    8 ++++
 net/wireless/core.h                         |    2 +-
 net/wireless/reg.c                          |    5 +-
 net/wireless/scan.c                         |   40 ++++++++++++++++---
 52 files changed, 429 insertions(+), 217 deletions(-)
Merging sound-current/for-linus
$ git merge sound-current/for-linus
Already up-to-date.
Merging pci-current/for-linus
$ git merge pci-current/for-linus
Already up-to-date.
Merging wireless-current/master
$ git merge wireless-current/master
Merge made by recursive.
 drivers/net/wireless/ar9170/usb.c           |  110 ++++++++++++++++++++++-----
 drivers/net/wireless/iwlwifi/iwl3945-base.c |    2 +-
 drivers/net/wireless/mwl8k.c                |    4 +-
 drivers/net/wireless/p54/p54common.c        |    2 -
 drivers/net/wireless/rt2x00/rt2x00pci.c     |   18 +----
 drivers/net/wireless/rt2x00/rt2x00usb.c     |   18 +----
 net/mac80211/Kconfig                        |    7 --
 net/mac80211/mlme.c                         |   12 +++-
 net/wireless/nl80211.c                      |    4 +-
 9 files changed, 107 insertions(+), 70 deletions(-)
Merging kbuild-current/master
$ git merge kbuild-current/master
Already up-to-date.
Merging quilt/driver-core.current
$ git merge quilt/driver-core.current
Already up-to-date.
Merging quilt/usb.current
$ git merge quilt/usb.current
Already up-to-date.
Merging cpufreq-current/fixes
$ git merge cpufreq-current/fixes
Merge made by recursive.
 arch/x86/kernel/cpu/cpufreq/p4-clockmod.c |    1 +
 1 files changed, 1 insertions(+), 0 deletions(-)
Merging input-current/for-linus
$ git merge input-current/for-linus
Merge made by recursive.
 drivers/input/keyboard/omap-keypad.c   |   16 +++++++++-
 drivers/input/mouse/elantech.c         |   48 +++++++++++++++++++++++++++----
 drivers/input/mouse/elantech.h         |    5 ++-
 drivers/input/serio/sa1111ps2.c        |    2 +-
 drivers/input/touchscreen/tsc2007.c    |    2 +-
 drivers/input/touchscreen/ucb1400_ts.c |    2 +-
 6 files changed, 61 insertions(+), 14 deletions(-)
Merging md-current/for-linus
$ git merge md-current/for-linus
Already up-to-date.
Merging audit-current/for-linus
$ git merge audit-current/for-linus
Already up-to-date.
Merging crypto-current/master
$ git merge crypto-current/master
Auto-merging drivers/crypto/ixp4xx_crypto.c
Merge made by recursive.
 crypto/eseqiv.c                |    3 ++-
 drivers/crypto/ixp4xx_crypto.c |   33 ++++++++++++++++++++++++++++++++-
 2 files changed, 34 insertions(+), 2 deletions(-)
Merging dwmw2/master
$ git merge dwmw2/master
Already up-to-date.
Merging arm/devel
$ git merge arm/devel
Already up-to-date.
Merging avr32/avr32-arch
$ git merge avr32/avr32-arch
Merge made by recursive.
 arch/avr32/boards/merisc/setup.c |    7 ++++---
 drivers/mmc/host/atmel-mci.c     |   12 +++++++++---
 include/linux/atmel-mci.h        |    2 ++
 3 files changed, 15 insertions(+), 6 deletions(-)
Merging blackfin/for-linus
$ git merge blackfin/for-linus
Already up-to-date.
Merging cris/for-next
$ git merge cris/for-next
Already up-to-date.
Merging ia64/test
$ git merge ia64/test
Merge made by recursive.
 arch/ia64/include/asm/paravirt_privop.h |    2 --
 arch/ia64/kernel/smp.c                  |   14 ++++++--------
 2 files changed, 6 insertions(+), 10 deletions(-)
Merging m68k/for-next
$ git merge m68k/for-next
Already up-to-date.
Merging m68knommu/for-next
$ git merge m68knommu/for-next
Already up-to-date.
Merging mips/mips-for-linux-next
$ git merge mips/mips-for-linux-next
Already up-to-date.
Merging parisc/master
$ git merge parisc/master
Already up-to-date.
Merging powerpc/next
$ git merge powerpc/next
Already up-to-date.
Merging 4xx/next
$ git merge 4xx/next
Merge made by recursive.
 arch/powerpc/configs/40x/acadia_defconfig      |    2 +-
 arch/powerpc/configs/40x/ep405_defconfig       |    2 +-
 arch/powerpc/configs/40x/kilauea_defconfig     |    2 +-
 arch/powerpc/configs/40x/makalu_defconfig      |    2 +-
 arch/powerpc/configs/40x/virtex_defconfig      |    2 +-
 arch/powerpc/configs/44x/arches_defconfig      |    2 +-
 arch/powerpc/configs/44x/bamboo_defconfig      |    2 +-
 arch/powerpc/configs/44x/canyonlands_defconfig |    6 +++---
 arch/powerpc/configs/44x/ebony_defconfig       |    2 +-
 arch/powerpc/configs/44x/katmai_defconfig      |    2 +-
 arch/powerpc/configs/44x/rainier_defconfig     |    2 +-
 arch/powerpc/configs/44x/redwood_defconfig     |    2 +-
 arch/powerpc/configs/44x/sam440ep_defconfig    |    2 +-
 arch/powerpc/configs/44x/sequoia_defconfig     |    2 +-
 arch/powerpc/configs/44x/taishan_defconfig     |    2 +-
 arch/powerpc/configs/44x/virtex5_defconfig     |    2 +-
 16 files changed, 18 insertions(+), 18 deletions(-)
Merging galak/next
$ git merge galak/next
Merge made by recursive.
 arch/powerpc/oprofile/op_model_fsl_emb.c |   14 --------------
 1 files changed, 0 insertions(+), 14 deletions(-)
Merging pxa/for-next
$ git merge pxa/for-next
Auto-merging MAINTAINERS
Auto-merging arch/arm/mach-pxa/include/mach/colibri.h
Auto-merging arch/arm/mach-pxa/include/mach/palmt5.h
Auto-merging arch/arm/mach-pxa/include/mach/palmtx.h
Auto-merging arch/arm/mach-pxa/palmld.c
Auto-merging arch/arm/mach-pxa/palmt5.c
Auto-merging arch/arm/mach-pxa/palmtx.c
Merge made by recursive.
 arch/arm/mach-pxa/corgi.c                |   55 ++++++--------------------
 arch/arm/mach-pxa/include/mach/colibri.h |    4 ++
 arch/arm/mach-pxa/poodle.c               |   18 ++-------
 arch/arm/mach-pxa/spitz.c                |   63 ++++++-----------------------
 4 files changed, 34 insertions(+), 106 deletions(-)
Merging s390/features
$ git merge s390/features
Removing arch/s390/include/asm/cpu.h
Merge made by recursive.
 arch/s390/appldata/appldata_base.c |   32 ++--
 arch/s390/appldata/appldata_mem.c  |    2 +-
 arch/s390/include/asm/cpu.h        |   32 ----
 arch/s390/include/asm/cputime.h    |   23 +++
 arch/s390/include/asm/lowcore.h    |    1 +
 arch/s390/include/asm/spinlock.h   |   19 ++-
 arch/s390/kernel/Makefile          |    2 +-
 arch/s390/kernel/head.S            |   65 +++++--
 arch/s390/kernel/ipl.c             |    1 +
 arch/s390/kernel/nmi.c             |    2 +-
 arch/s390/kernel/s390_ext.c        |    2 +-
 arch/s390/kernel/sclp.S            |  327 ++++++++++++++++++++++++++++++++++++
 arch/s390/kernel/smp.c             |    2 +-
 arch/s390/kernel/vtime.c           |   18 ++-
 arch/s390/lib/spinlock.c           |   40 +++++
 drivers/s390/cio/cio.c             |    2 +-
 fs/proc/stat.c                     |    5 +
 17 files changed, 499 insertions(+), 76 deletions(-)
 delete mode 100644 arch/s390/include/asm/cpu.h
 create mode 100644 arch/s390/kernel/sclp.S
Merging sh/master
$ git merge sh/master
Merge made by recursive.
 arch/sh/Kconfig                          |   11 +
 arch/sh/configs/sh7724_generic_defconfig |  707 ++++++++++
 arch/sh/include/asm/device.h             |    2 +
 arch/sh/include/asm/processor.h          |    2 +-
 arch/sh/include/cpu-sh4/cpu/freq.h       |   18 +
 arch/sh/include/cpu-sh4/cpu/sh7724.h     |  255 ++++
 arch/sh/kernel/cpu/sh4/probe.c           |    6 +
 arch/sh/kernel/cpu/sh4a/Makefile         |    3 +
 arch/sh/kernel/cpu/sh4a/clock-sh7722.c   |  112 ++-
 arch/sh/kernel/cpu/sh4a/pinmux-sh7724.c  | 2230 ++++++++++++++++++++++++++++++
 arch/sh/kernel/cpu/sh4a/setup-sh7343.c   |   10 +
 arch/sh/kernel/cpu/sh4a/setup-sh7366.c   |   10 +
 arch/sh/kernel/cpu/sh4a/setup-sh7722.c   |   11 +-
 arch/sh/kernel/cpu/sh4a/setup-sh7723.c   |   11 +-
 arch/sh/kernel/cpu/sh4a/setup-sh7724.c   |  556 ++++++++
 arch/sh/kernel/setup.c                   |   10 +-
 arch/sh/kernel/time_32.c                 |    9 +
 arch/sh/oprofile/common.c                |    1 +
 drivers/clocksource/sh_cmt.c             |   18 +-
 drivers/rtc/Kconfig                      |    2 +-
 drivers/rtc/rtc-sh.c                     |   67 +-
 drivers/serial/sh-sci.h                  |   23 +-
 22 files changed, 4034 insertions(+), 40 deletions(-)
 create mode 100644 arch/sh/configs/sh7724_generic_defconfig
 create mode 100644 arch/sh/include/cpu-sh4/cpu/sh7724.h
 create mode 100644 arch/sh/kernel/cpu/sh4a/pinmux-sh7724.c
 create mode 100644 arch/sh/kernel/cpu/sh4a/setup-sh7724.c
Merging sparc/master
$ git merge sparc/master
Auto-merging arch/sparc/kernel/smp_64.c
Merge made by recursive.
 arch/sparc/Kconfig                  |    3 +
 arch/sparc/include/asm/cpudata_64.h |  197 +-----------------------------
 arch/sparc/include/asm/mdesc.h      |    3 +-
 arch/sparc/include/asm/percpu_64.h  |    8 +-
 arch/sparc/include/asm/prom.h       |    2 +
 arch/sparc/include/asm/trap_block.h |  207 +++++++++++++++++++++++++++++++
 arch/sparc/kernel/ds.c              |    3 +-
 arch/sparc/kernel/head_64.S         |   22 ----
 arch/sparc/kernel/mdesc.c           |  149 +++++++++++++---------
 arch/sparc/kernel/prom.h            |    1 -
 arch/sparc/kernel/prom_64.c         |  234 +++++++++++++++++++----------------
 arch/sparc/kernel/prom_common.c     |    2 -
 arch/sparc/kernel/smp_64.c          |  192 ++++++++++++++++++++++++-----
 arch/sparc/kernel/traps_64.c        |  170 ++++++++++++++------------
 arch/sparc/mm/init_32.c             |    1 +
 arch/sparc/mm/init_64.c             |   16 +--
 16 files changed, 692 insertions(+), 518 deletions(-)
 create mode 100644 arch/sparc/include/asm/trap_block.h
Merging x86/auto-x86-next
$ git merge x86/auto-x86-next
Removing arch/x86/kernel/irqinit_64.c
Merge made by recursive.
 .../ABI/testing/sysfs-devices-cache_disable        |   18 +
 Documentation/kernel-parameters.txt                |    5 +
 arch/x86/Kbuild                                    |   16 +
 arch/x86/Makefile                                  |   25 +-
 arch/x86/boot/Makefile                             |    5 +-
 arch/x86/boot/a20.c                                |    9 +-
 arch/x86/boot/apm.c                                |   76 ++--
 arch/x86/boot/bioscall.S                           |   82 ++++
 arch/x86/boot/boot.h                               |   48 ++
 arch/x86/boot/edd.c                                |   71 ++--
 arch/x86/boot/header.S                             |    2 +-
 arch/x86/boot/main.c                               |   39 +-
 arch/x86/boot/mca.c                                |   27 +-
 arch/x86/boot/memory.c                             |   81 ++--
 arch/x86/boot/regs.c                               |   29 ++
 arch/x86/boot/setup.ld                             |    6 +
 arch/x86/boot/tty.c                                |   52 ++-
 arch/x86/boot/video-bios.c                         |   27 +-
 arch/x86/boot/video-vesa.c                         |  137 +++---
 arch/x86/boot/video-vga.c                          |   95 +++--
 arch/x86/boot/video.c                              |   42 +-
 arch/x86/boot/video.h                              |   14 -
 arch/x86/include/asm/apic.h                        |   21 +-
 arch/x86/include/asm/hw_irq.h                      |    4 +
 arch/x86/include/asm/i387.h                        |   31 +-
 arch/x86/include/asm/i8259.h                       |    4 -
 arch/x86/include/asm/irq_vectors.h                 |    1 +
 arch/x86/include/asm/k8.h                          |   13 +
 arch/x86/include/asm/page_32_types.h               |    4 -
 arch/x86/include/asm/page_64_types.h               |    6 -
 arch/x86/include/asm/page_types.h                  |    6 +
 arch/x86/include/asm/paravirt.h                    |   22 +-
 arch/x86/include/asm/pgtable.h                     |    4 +
 arch/x86/include/asm/pgtable_64.h                  |    6 -
 arch/x86/include/asm/required-features.h           |    8 +-
 arch/x86/include/asm/setup.h                       |    1 -
 arch/x86/include/asm/syscalls.h                    |   45 +-
 arch/x86/include/asm/thread_info.h                 |    4 +-
 arch/x86/include/asm/traps.h                       |    2 +-
 arch/x86/kernel/Makefile                           |    2 +-
 arch/x86/kernel/acpi/realmode/Makefile             |    2 +-
 arch/x86/kernel/acpi/realmode/bioscall.S           |    1 +
 arch/x86/kernel/acpi/realmode/regs.c               |    1 +
 arch/x86/kernel/apic/apic.c                        |  144 ++++--
 arch/x86/kernel/apic/es7000_32.c                   |    2 +-
 arch/x86/kernel/apic/io_apic.c                     |  256 +++++------
 arch/x86/kernel/apic/nmi.c                         |    2 +-
 arch/x86/kernel/apic/probe_32.c                    |    1 -
 arch/x86/kernel/apic/x2apic_cluster.c              |    2 +-
 arch/x86/kernel/apic/x2apic_uv_x.c                 |   17 +-
 arch/x86/kernel/cpu/intel_cacheinfo.c              |  153 +++----
 arch/x86/kernel/dumpstack.h                        |    1 -
 arch/x86/kernel/early-quirks.c                     |    2 +
 arch/x86/kernel/irq.c                              |   20 +-
 arch/x86/kernel/{irqinit_32.c => irqinit.c}        |  149 +++++--
 arch/x86/kernel/irqinit_64.c                       |  177 -------
 arch/x86/kernel/kvm.c                              |    2 +-
 arch/x86/kernel/paravirt.c                         |   56 +--
 arch/x86/kernel/process.c                          |    1 +
 arch/x86/kernel/process_32.c                       |    2 +-
 arch/x86/kernel/process_64.c                       |    2 +-
 arch/x86/kernel/quirks.c                           |   37 ++
 arch/x86/kernel/setup.c                            |   18 -
 arch/x86/kernel/smp.c                              |   20 +-
 arch/x86/kernel/smpboot.c                          |   14 +-
 arch/x86/kernel/traps.c                            |   10 +-
 arch/x86/kernel/tsc.c                              |    8 +-
 arch/x86/kernel/vmi_32.c                           |   20 +-
 arch/x86/lguest/boot.c                             |   16 +-
 arch/x86/mm/dump_pagetables.c                      |    7 +-
 arch/x86/mm/fault.c                                |   50 +--
 arch/x86/mm/highmem_32.c                           |    2 -
 arch/x86/mm/init.c                                 |    1 +
 arch/x86/mm/iomap_32.c                             |    1 -
 arch/x86/mm/numa_32.c                              |    2 +-
 arch/x86/mm/pageattr.c                             |   14 -
 arch/x86/mm/srat_64.c                              |    6 +-
 arch/x86/vdso/vma.c                                |    1 +
 arch/x86/xen/enlighten.c                           |   10 +-
 arch/x86/xen/mmu.c                                 |   23 +-
 arch/x86/xen/xen-ops.h                             |    1 -
 drivers/pci/intel-iommu.c                          |    9 -
 drivers/pci/intr_remapping.c                       |   39 +-
 drivers/xen/Kconfig                                |   20 +
 drivers/xen/Makefile                               |    4 +-
 drivers/xen/events.c                               |    6 +
 drivers/xen/evtchn.c                               |  507 ++++++++++++++++++++
 drivers/xen/manage.c                               |    9 +-
 drivers/xen/sys-hypervisor.c                       |  445 +++++++++++++++++
 drivers/xen/xenbus/xenbus_probe.c                  |   61 +--
 drivers/xen/xenbus/xenbus_xs.c                     |    2 +
 drivers/xen/xenfs/super.c                          |   19 +-
 include/Kbuild                                     |    1 +
 include/asm-generic/pgtable.h                      |   21 +-
 include/linux/dmar.h                               |    1 +
 include/xen/Kbuild                                 |    1 +
 include/xen/events.h                               |    3 +
 include/xen/evtchn.h                               |   88 ++++
 include/xen/interface/version.h                    |    3 +
 include/xen/xenbus.h                               |    3 +-
 kernel/sched.c                                     |    2 +-
 101 files changed, 2357 insertions(+), 1231 deletions(-)
 create mode 100644 Documentation/ABI/testing/sysfs-devices-cache_disable
 create mode 100644 arch/x86/Kbuild
 create mode 100644 arch/x86/boot/bioscall.S
 create mode 100644 arch/x86/boot/regs.c
 create mode 100644 arch/x86/kernel/acpi/realmode/bioscall.S
 create mode 100644 arch/x86/kernel/acpi/realmode/regs.c
 rename arch/x86/kernel/{irqinit_32.c => irqinit.c} (68%)
 delete mode 100644 arch/x86/kernel/irqinit_64.c
 create mode 100644 drivers/xen/evtchn.c
 create mode 100644 drivers/xen/sys-hypervisor.c
 create mode 100644 include/xen/Kbuild
 create mode 100644 include/xen/evtchn.h
Merging xtensa/master
$ git merge xtensa/master
Merge made by recursive.
 arch/xtensa/Kconfig                |    6 ++----
 arch/xtensa/include/asm/checksum.h |    6 ++++--
 2 files changed, 6 insertions(+), 6 deletions(-)
Merging tip-core/auto-core-next
$ git merge tip-core/auto-core-next
Merge made by recursive.
 Documentation/RCU/trace.txt             |  102 ++-
 arch/sparc/include/asm/thread_info_64.h |    4 +-
 arch/x86/kernel/entry_64.S              |    3 +
 include/linux/futex.h                   |    8 +
 include/linux/rculist.h                 |   30 +-
 include/linux/rcutree.h                 |    9 +-
 include/linux/sched.h                   |    8 +-
 include/linux/thread_info.h             |    3 +-
 init/Kconfig                            |    2 +-
 ipc/sem.c                               |    4 +-
 kernel/futex.c                          | 1202 +++++++++++++++++++++++-------
 kernel/lockdep.c                        |   22 +-
 kernel/rcutree.c                        |   25 +-
 kernel/rcutree_trace.c                  |   64 ++-
 kernel/rtmutex.c                        |  240 +++++--
 kernel/rtmutex_common.h                 |    8 +
 lib/vsprintf.c                          |   37 +-
 mm/percpu.c                             |  141 ++---
 security/integrity/ima/ima_fs.c         |    4 +-
 security/smack/smackfs.c                |    8 +-
 20 files changed, 1433 insertions(+), 491 deletions(-)
Merging cpus4096/auto-cpus4096-next
$ git merge cpus4096/auto-cpus4096-next
Already up-to-date.
Merging tracing/auto-tracing-next
$ git merge tracing/auto-tracing-next
Auto-merging arch/x86/kernel/entry_64.S
Auto-merging include/linux/sched.h
Removing include/trace/irq.h
Removing include/trace/kmemtrace.h
Removing include/trace/lockdep.h
Removing include/trace/lockdep_event_types.h
Removing include/trace/sched.h
Removing include/trace/skb.h
Removing include/trace/trace_event_types.h
Removing include/trace/trace_events.h
Auto-merging kernel/lockdep.c
Auto-merging kernel/sched.c
Removing kernel/trace/events.c
Removing kernel/trace/trace_events_stage_1.h
Removing kernel/trace/trace_events_stage_2.h
Removing kernel/trace/trace_events_stage_3.h
Merge made by recursive.
 Documentation/trace/events.txt                     |  135 ++++
 Documentation/trace/power.txt                      |   17 +
 arch/x86/kernel/entry_64.S                         |   19 +-
 block/blk-sysfs.c                                  |    7 +-
 block/compat_ioctl.c                               |    2 +-
 drivers/scsi/sg.c                                  |    1 +
 include/asm-generic/vmlinux.lds.h                  |    2 +-
 include/linux/blktrace_api.h                       |   28 +-
 include/linux/ftrace.h                             |   17 +-
 include/linux/ftrace_event.h                       |  150 ++++
 include/linux/init_task.h                          |    1 +
 include/linux/kmemtrace.h                          |   25 +
 include/linux/module.h                             |    8 +
 include/linux/ring_buffer.h                        |   34 +
 include/linux/sched.h                              |    4 +-
 include/linux/slab_def.h                           |    2 +-
 include/linux/slub_def.h                           |    2 +-
 include/linux/trace_seq.h                          |   90 +++
 include/linux/tracepoint.h                         |    9 +-
 include/trace/define_trace.h                       |   79 +++
 include/trace/{irq_event_types.h => events/irq.h}  |   14 +-
 include/trace/events/kmem.h                        |  194 ++++++
 include/trace/events/lockdep.h                     |   60 ++
 .../trace/{sched_event_types.h => events/sched.h}  |   14 +-
 include/trace/events/skb.h                         |   40 ++
 include/trace/ftrace.h                             |  493 +++++++++++++
 include/trace/irq.h                                |    9 -
 include/trace/kmemtrace.h                          |   63 --
 include/trace/lockdep.h                            |    9 -
 include/trace/lockdep_event_types.h                |   44 --
 include/trace/sched.h                              |    9 -
 include/trace/skb.h                                |   11 -
 include/trace/trace_event_types.h                  |    5 -
 include/trace/trace_events.h                       |    5 -
 init/main.c                                        |    2 +-
 kernel/exit.c                                      |    6 +-
 kernel/fork.c                                      |    5 +-
 kernel/irq/handle.c                                |    7 +-
 kernel/kthread.c                                   |    5 +-
 kernel/lockdep.c                                   |   16 +-
 kernel/module.c                                    |   26 +-
 kernel/sched.c                                     |   10 +-
 kernel/signal.c                                    |    4 +-
 kernel/softirq.c                                   |    5 +-
 kernel/trace/Kconfig                               |   73 ++-
 kernel/trace/Makefile                              |    7 +-
 kernel/trace/blktrace.c                            |  165 ++++-
 kernel/trace/events.c                              |   14 -
 kernel/trace/ftrace.c                              |  726 ++++++++++++++++++--
 kernel/trace/kmemtrace.c                           |   10 +-
 kernel/trace/ring_buffer.c                         |  234 ++++++-
 kernel/trace/trace.c                               |  295 +++++----
 kernel/trace/trace.h                               |  171 +----
 kernel/trace/trace_boot.c                          |    5 +-
 kernel/trace/trace_branch.c                        |    8 +-
 kernel/trace/trace_event_profile.c                 |    5 +-
 kernel/trace/trace_event_types.h                   |    8 +-
 kernel/trace/trace_events.c                        |  476 ++++++++++++--
 kernel/trace/trace_events_filter.c                 |  320 ++++++----
 kernel/trace/trace_events_stage_1.h                |   39 -
 kernel/trace/trace_events_stage_2.h                |  176 -----
 kernel/trace/trace_events_stage_3.h                |  281 --------
 kernel/trace/trace_export.c                        |   91 +++-
 kernel/trace/trace_functions_graph.c               |   25 +-
 kernel/trace/trace_hw_branches.c                   |    4 +-
 kernel/trace/trace_mmiotrace.c                     |    6 +-
 kernel/trace/trace_output.c                        |   13 +
 kernel/trace/trace_output.h                        |   28 +-
 kernel/trace/trace_power.c                         |    8 +-
 kernel/trace/trace_printk.c                        |    6 +-
 kernel/trace/trace_sched_switch.c                  |   12 +-
 kernel/trace/trace_sched_wakeup.c                  |    2 +-
 kernel/trace/trace_stack.c                         |   13 +-
 kernel/trace/trace_stat.c                          |    2 +-
 kernel/trace/trace_stat.h                          |    2 +-
 kernel/trace/trace_sysprof.c                       |    6 +-
 kernel/trace/trace_workqueue.c                     |    2 +-
 mm/slab.c                                          |    2 +-
 mm/slob.c                                          |    2 +-
 mm/slub.c                                          |    2 +-
 mm/util.c                                          |   11 +-
 net/core/drop_monitor.c                            |    2 +-
 net/core/net-traces.c                              |    4 +-
 net/core/skbuff.c                                  |    2 +-
 samples/Kconfig                                    |    7 +
 samples/Makefile                                   |    2 +-
 samples/trace_events/Makefile                      |    8 +
 samples/trace_events/trace-events-sample.c         |   56 ++
 samples/trace_events/trace-events-sample.h         |  124 ++++
 89 files changed, 3702 insertions(+), 1441 deletions(-)
 create mode 100644 Documentation/trace/events.txt
 create mode 100644 Documentation/trace/power.txt
 create mode 100644 include/linux/ftrace_event.h
 create mode 100644 include/linux/kmemtrace.h
 create mode 100644 include/linux/trace_seq.h
 create mode 100644 include/trace/define_trace.h
 rename include/trace/{irq_event_types.h => events/irq.h} (80%)
 create mode 100644 include/trace/events/kmem.h
 create mode 100644 include/trace/events/lockdep.h
 rename include/trace/{sched_event_types.h => events/sched.h} (96%)
 create mode 100644 include/trace/events/skb.h
 create mode 100644 include/trace/ftrace.h
 delete mode 100644 include/trace/irq.h
 delete mode 100644 include/trace/kmemtrace.h
 delete mode 100644 include/trace/lockdep.h
 delete mode 100644 include/trace/lockdep_event_types.h
 delete mode 100644 include/trace/sched.h
 delete mode 100644 include/trace/skb.h
 delete mode 100644 include/trace/trace_event_types.h
 delete mode 100644 include/trace/trace_events.h
 delete mode 100644 kernel/trace/events.c
 delete mode 100644 kernel/trace/trace_events_stage_1.h
 delete mode 100644 kernel/trace/trace_events_stage_2.h
 delete mode 100644 kernel/trace/trace_events_stage_3.h
 create mode 100644 samples/trace_events/Makefile
 create mode 100644 samples/trace_events/trace-events-sample.c
 create mode 100644 samples/trace_events/trace-events-sample.h
Merging genirq/auto-genirq-next
$ git merge genirq/auto-genirq-next
Auto-merging arch/x86/kernel/apic/io_apic.c
Merge made by recursive.
 arch/x86/Kconfig               |    1 +
 arch/x86/kernel/apic/io_apic.c |    2 ++
 kernel/irq/manage.c            |    7 +++----
 3 files changed, 6 insertions(+), 4 deletions(-)
Merging safe-poison-pointers/auto-safe-poison-pointers-next
$ git merge safe-poison-pointers/auto-safe-poison-pointers-next
Auto-merging arch/x86/Kconfig
Merge made by recursive.
 arch/x86/Kconfig       |    5 +++++
 include/linux/poison.h |   16 ++++++++++++++--
 2 files changed, 19 insertions(+), 2 deletions(-)
Merging sched/auto-sched-next
$ git merge sched/auto-sched-next
Auto-merging kernel/sched.c
Merge made by recursive.
 include/linux/wait.h |    2 -
 kernel/mutex.c       |    4 +-
 kernel/sched.c       |  163 +++++++++++++++++++++++++++++++++++++++++++-------
 kernel/sched_fair.c  |   13 +---
 kernel/wait.c        |    2 +-
 5 files changed, 149 insertions(+), 35 deletions(-)
Merging stackprotector/auto-stackprotector-next
$ git merge stackprotector/auto-stackprotector-next
Already up-to-date.
Merging timers/auto-timers-next
$ git merge timers/auto-timers-next
Merge made by recursive.
 arch/x86/kernel/hpet.c |    1 +
 1 files changed, 1 insertions(+), 0 deletions(-)
Merging pci/linux-next
$ git merge pci/linux-next
Already up-to-date.
Merging quilt/device-mapper
$ git merge quilt/device-mapper
Merge made by recursive.
 drivers/md/dm-mpath.c |   11 +++++++++++
 1 files changed, 11 insertions(+), 0 deletions(-)
Merging hid/for-next
$ git merge hid/for-next
Merge made by recursive.
 drivers/hid/hid-core.c |    1 +
 drivers/hid/hid-ids.h  |    1 +
 drivers/hid/hid-lg.c   |    2 ++
 drivers/hid/hidraw.c   |   12 ++++++++----
 4 files changed, 12 insertions(+), 4 deletions(-)
Merging quilt/i2c
$ git merge quilt/i2c
Merge made by recursive.
 drivers/i2c/i2c-core.c         |    2 +-
 drivers/macintosh/therm_pm72.c |   95 ++++++++++++++++++++--------------------
 sound/aoa/codecs/onyx.c        |   76 ++++++++++++++++++++++----------
 sound/aoa/codecs/tas.c         |   66 ++++++++++++++++++----------
 sound/ppc/keywest.c            |   86 +++++++++++++++++-------------------
 5 files changed, 184 insertions(+), 141 deletions(-)
Merging quilt/jdelvare-hwmon
$ git merge quilt/jdelvare-hwmon
Merge made by recursive.
 Documentation/hwmon/ibmaem |    2 +-
 drivers/hwmon/Kconfig      |    2 +-
 drivers/hwmon/ibmaem.c     |    1 +
 3 files changed, 3 insertions(+), 2 deletions(-)
Merging quilt/kernel-doc
$ git merge quilt/kernel-doc
Already up-to-date.
Merging v4l-dvb/master
$ git merge v4l-dvb/master
Merge made by recursive.
 Documentation/video4linux/CARDLIST.saa7134  |    1 +
 drivers/media/dvb/siano/smssdio.c           |  356 +++++++++++++++++++++++++++
 drivers/media/video/cx88/Makefile           |    2 +-
 drivers/media/video/cx88/cx88-core.c        |   26 ++-
 drivers/media/video/cx88/cx88-dsp.c         |  312 +++++++++++++++++++++++
 drivers/media/video/cx88/cx88-tvaudio.c     |  115 +++++++---
 drivers/media/video/cx88/cx88.h             |   10 +
 drivers/media/video/saa7134/saa7134-cards.c |   44 ++++
 drivers/media/video/saa7134/saa7134-input.c |    1 +
 drivers/media/video/saa7134/saa7134.h       |    1 +
 include/linux/mmc/sdio_ids.h                |    8 +
 11 files changed, 842 insertions(+), 34 deletions(-)
 create mode 100644 drivers/media/dvb/siano/smssdio.c
 create mode 100644 drivers/media/video/cx88/cx88-dsp.c
Merging quota/for_next
$ git merge quota/for_next
Merge made by recursive.
 fs/ext2/super.c   |    4 +++-
 fs/quota/Makefile |    9 ---------
 2 files changed, 3 insertions(+), 10 deletions(-)
Merging jfs/next
$ git merge jfs/next
Merge made by recursive.
 fs/jfs/super.c |    4 +++-
 1 files changed, 3 insertions(+), 1 deletions(-)
Merging kbuild/master
$ git merge kbuild/master
Already up-to-date.
Merging ide/for-next
$ git merge ide/for-next
Merge made by recursive.
 block/blk-core.c           |   10 ++-
 drivers/ide/ide-atapi.c    |  147 +++++++++++++++++++++++++++++--------------
 drivers/ide/ide-cd.c       |   88 ++++++++------------------
 drivers/ide/ide-cd.h       |    4 -
 drivers/ide/ide-disk.c     |    1 -
 drivers/ide/ide-floppy.c   |   20 +++---
 drivers/ide/ide-io.c       |   10 ++--
 drivers/ide/ide-ioctls.c   |    1 -
 drivers/ide/ide-park.c     |    7 +--
 drivers/ide/ide-pm.c       |   38 +++++-------
 drivers/ide/ide-tape.c     |   18 +++---
 drivers/ide/ide-taskfile.c |   18 +++--
 include/linux/ide.h        |   15 ++++-
 13 files changed, 197 insertions(+), 180 deletions(-)
Merging libata/NEXT
$ git merge libata/NEXT
Merge made by recursive.
 drivers/ata/ahci.c       |   17 ++++++++---------
 drivers/ata/libata-eh.c  |    6 ++++--
 drivers/ata/libata-sff.c |   20 +++++++++++++-------
 drivers/ata/sata_sil.c   |   15 ++++++++++++++-
 drivers/ata/sata_sx4.c   |   11 +++++++----
 5 files changed, 46 insertions(+), 23 deletions(-)
Merging nfs/linux-next
$ git merge nfs/linux-next
Auto-merging fs/nfs/super.c
Merge made by recursive.
 fs/nfs/Kconfig               |    9 +
 fs/nfs/client.c              |  124 ++++-
 fs/nfs/direct.c              |    9 +
 fs/nfs/internal.h            |   62 +++
 fs/nfs/nfs4_fs.h             |   37 ++-
 fs/nfs/nfs4proc.c            | 1229 ++++++++++++++++++++++++++++++++++++++++--
 fs/nfs/nfs4renewd.c          |    6 +-
 fs/nfs/nfs4state.c           |  130 ++++-
 fs/nfs/nfs4xdr.c             | 1078 ++++++++++++++++++++++++++++++++-----
 fs/nfs/read.c                |   33 +-
 fs/nfs/super.c               |   12 +
 fs/nfs/unlink.c              |   20 +-
 fs/nfs/write.c               |   31 +-
 include/linux/nfs4.h         |   18 +
 include/linux/nfs_fs_sb.h    |   67 +++-
 include/linux/nfs_xdr.h      |  174 ++++++
 include/linux/nfsd/state.h   |    1 -
 include/linux/sunrpc/clnt.h  |    1 +
 include/linux/sunrpc/sched.h |    1 +
 net/sunrpc/clnt.c            |   13 +
 net/sunrpc/sched.c           |    2 +-
 21 files changed, 2838 insertions(+), 219 deletions(-)
Merging xfs/master
$ git merge xfs/master
Already up-to-date.
Merging infiniband/for-next
$ git merge infiniband/for-next
Already up-to-date.
Merging acpi/test
$ git merge acpi/test
Auto-merging MAINTAINERS
Auto-merging drivers/acpi/sleep.c
Merge made by recursive.
 Documentation/laptops/thinkpad-acpi.txt    |    4 +-
 MAINTAINERS                                |    5 +
 arch/x86/kernel/cpu/cpufreq/acpi-cpufreq.c |   30 +-
 arch/x86/kernel/reboot.c                   |    2 +-
 drivers/acpi/acpica/hwsleep.c              |   43 +-
 drivers/acpi/acpica/rscreate.c             |   27 +-
 drivers/acpi/button.c                      |  140 ++---
 drivers/acpi/ec.c                          |    1 +
 drivers/acpi/sleep.c                       |   27 +
 drivers/acpi/thermal.c                     |    2 +-
 drivers/acpi/video.c                       |   51 +-
 drivers/platform/x86/Kconfig               |   13 +
 drivers/platform/x86/Makefile              |    1 +
 drivers/platform/x86/oqo-wmi.c             |  941 ++++++++++++++++++++++++++++
 drivers/platform/x86/sony-laptop.c         |   27 +-
 drivers/platform/x86/thinkpad_acpi.c       |   81 ++--
 drivers/platform/x86/toshiba_acpi.c        |  207 ++++++-
 17 files changed, 1371 insertions(+), 231 deletions(-)
 create mode 100644 drivers/platform/x86/oqo-wmi.c
Merging nfsd/nfsd-next
$ git merge nfsd/nfsd-next
Merge made by recursive.
Merging ieee1394/for-next
$ git merge ieee1394/for-next
Already up-to-date.
Merging ubi/linux-next
$ git merge ubi/linux-next
Already up-to-date.
Merging kvm/master
$ git merge kvm/master
Auto-merging arch/ia64/kvm/kvm-ia64.c
Auto-merging arch/ia64/kvm/vcpu.c
Auto-merging arch/ia64/kvm/vtlb.c
Auto-merging arch/x86/kernel/kvm.c
Merge made by recursive.
 arch/ia64/include/asm/kvm_host.h |    5 +-
 arch/ia64/include/asm/pgtable.h  |    2 +
 arch/ia64/kvm/Kconfig            |    2 +-
 arch/ia64/kvm/kvm-ia64.c         |  173 ++++++++---
 arch/ia64/kvm/kvm_fw.c           |   28 ++-
 arch/ia64/kvm/lapic.h            |    6 +-
 arch/ia64/kvm/optvfault.S        |   30 ++
 arch/ia64/kvm/process.c          |    5 +
 arch/ia64/kvm/vcpu.c             |   20 +-
 arch/ia64/kvm/vmm.c              |   12 +-
 arch/ia64/kvm/vmm_ivt.S          |   18 +-
 arch/ia64/kvm/vtlb.c             |    3 +-
 arch/powerpc/kvm/powerpc.c       |    6 +
 arch/s390/kvm/interrupt.c        |    6 +
 arch/x86/include/asm/kvm.h       |    1 +
 arch/x86/include/asm/kvm_host.h  |    7 +-
 arch/x86/include/asm/svm.h       |    1 +
 arch/x86/kernel/kvm.c            |    4 +
 arch/x86/kvm/Makefile            |    2 +-
 arch/x86/kvm/i8254.c             |  109 ++++---
 arch/x86/kvm/i8254.h             |   12 +-
 arch/x86/kvm/kvm_timer.h         |   18 +
 arch/x86/kvm/lapic.c             |  251 +++++----------
 arch/x86/kvm/lapic.h             |   12 +-
 arch/x86/kvm/mmu.c               |   88 +++++-
 arch/x86/kvm/mmu.h               |    5 +
 arch/x86/kvm/paging_tmpl.h       |   10 +-
 arch/x86/kvm/svm.c               |   68 ++---
 arch/x86/kvm/timer.c             |   46 +++
 arch/x86/kvm/vmx.c               |  349 ++++++++++++---------
 arch/x86/kvm/x86.c               |  136 ++++++--
 arch/x86/kvm/x86.h               |   18 +
 arch/x86/kvm/x86_emulate.c       |    1 -
 include/linux/kvm.h              |   40 +++-
 include/linux/kvm_host.h         |   20 +-
 include/linux/kvm_types.h        |   27 ++
 virt/kvm/ioapic.c                |  153 ++--------
 virt/kvm/ioapic.h                |   27 +--
 virt/kvm/irq_comm.c              |  109 ++++---
 virt/kvm/kvm_main.c              |  642 +++++++++++++++++++++++++++-----------
 40 files changed, 1548 insertions(+), 924 deletions(-)
 create mode 100644 arch/x86/kvm/kvm_timer.h
 create mode 100644 arch/x86/kvm/timer.c
Merging dlm/next
$ git merge dlm/next
Merge made by recursive.
 fs/dlm/lockspace.c  |   17 ++++++++---------
 include/linux/dlm.h |    4 ++--
 2 files changed, 10 insertions(+), 11 deletions(-)
Merging scsi/master
$ git merge scsi/master
Already up-to-date.
Merging ocfs2/linux-next
$ git merge ocfs2/linux-next
Already up-to-date.
Merging configfs/linux-next
$ git merge configfs/linux-next
Already up-to-date.
Merging ext4/next
$ git merge ext4/next
Auto-merging fs/jbd/revoke.c
Merge made by recursive.
 fs/ext4/ialloc.c     |    3 ++-
 fs/jbd/commit.c      |    2 +-
 fs/jbd/revoke.c      |   20 +++++++++++---------
 fs/jbd2/commit.c     |    3 ++-
 fs/jbd2/revoke.c     |   21 ++++++++++++---------
 include/linux/jbd.h  |    3 ++-
 include/linux/jbd2.h |    3 ++-
 7 files changed, 32 insertions(+), 23 deletions(-)
Merging async_tx/next
$ git merge async_tx/next
Already up-to-date.
Merging udf/for_next
$ git merge udf/for_next
Already up-to-date.
Merging net/master
$ git merge net/master
Recorded preimage for 'net/core/dev.c'
Auto-merging MAINTAINERS
Auto-merging drivers/net/benet/be_main.c
Auto-merging drivers/net/e1000/e1000_main.c
Auto-merging drivers/net/e1000e/netdev.c
Auto-merging drivers/net/ixgbe/ixgbe_main.c
Auto-merging drivers/net/wireless/at76c50x-usb.c
Auto-merging net/core/dev.c
CONFLICT (content): Merge conflict in net/core/dev.c
Automatic merge failed; fix conflicts and then commit the result.
$ git commit -v -a
Recorded resolution for 'net/core/dev.c'.
[master 285986b] Merge commit 'net/master'
$ git diff -M --stat --summary HEAD^..
 Documentation/isdn/00-INDEX                  |   45 +-
 MAINTAINERS                                  |    2 +-
 drivers/net/8390.c                           |   10 +-
 drivers/net/8390p.c                          |   10 +-
 drivers/net/atl1e/atl1e_main.c               |    3 +-
 drivers/net/atlx/atl1.c                      |    7 +-
 drivers/net/benet/be_main.c                  |   28 +-
 drivers/net/bmac.c                           |   16 +-
 drivers/net/chelsio/sge.c                    |    4 +-
 drivers/net/cpmac.c                          |   23 +-
 drivers/net/cxgb3/adapter.h                  |    2 +-
 drivers/net/cxgb3/sge.c                      |   53 +-
 drivers/net/dm9000.c                         |   30 +-
 drivers/net/e1000/e1000_main.c               |    9 +-
 drivers/net/e1000e/netdev.c                  |    9 +-
 drivers/net/fec.c                            |  897 +++++++++++---------------
 drivers/net/fec.h                            |  127 ++---
 drivers/net/fs_enet/mii-fec.c                |    6 +-
 drivers/net/hplance.c                        |   21 +-
 drivers/net/ibmveth.c                        |   26 +-
 drivers/net/igb/igb_main.c                   |    9 +-
 drivers/net/irda/au1k_ir.c                   |   18 +-
 drivers/net/irda/pxaficp_ir.c                |   16 +-
 drivers/net/irda/sa1100_ir.c                 |   18 +-
 drivers/net/iseries_veth.c                   |   17 +-
 drivers/net/ixgb/ixgb_main.c                 |    8 +-
 drivers/net/ixgb/ixgb_osdep.h                |    2 +-
 drivers/net/ixgbe/ixgbe_82598.c              |  186 ++++--
 drivers/net/ixgbe/ixgbe_82599.c              |  249 +++++--
 drivers/net/ixgbe/ixgbe_common.c             |    9 +-
 drivers/net/ixgbe/ixgbe_main.c               |   18 +-
 drivers/net/ixgbe/ixgbe_phy.c                |   19 +-
 drivers/net/ixgbe/ixgbe_phy.h                |    1 +
 drivers/net/ixgbe/ixgbe_type.h               |   18 +-
 drivers/net/ixp2000/ixpdev.c                 |   19 +-
 drivers/net/jazzsonic.c                      |   19 +-
 drivers/net/korina.c                         |   25 +-
 drivers/net/lib82596.c                       |   23 +-
 drivers/net/mace.c                           |   16 +-
 drivers/net/macmace.c                        |   18 +-
 drivers/net/meth.c                           |   28 +-
 drivers/net/mipsnet.c                        |   15 +-
 drivers/net/mvme147.c                        |   17 +-
 drivers/net/myri10ge/myri10ge.c              |   38 +-
 drivers/net/netx-eth.c                       |   17 +-
 drivers/net/netxen/netxen_nic.h              |  594 ++++++++----------
 drivers/net/netxen/netxen_nic_ctx.c          |  204 ++++---
 drivers/net/netxen/netxen_nic_ethtool.c      |  105 ++--
 drivers/net/netxen/netxen_nic_hdr.h          |    8 -
 drivers/net/netxen/netxen_nic_hw.c           |  393 +++++-------
 drivers/net/netxen/netxen_nic_hw.h           |   66 +--
 drivers/net/netxen/netxen_nic_init.c         |  291 +++++----
 drivers/net/netxen/netxen_nic_main.c         |  268 ++++----
 drivers/net/netxen/netxen_nic_niu.c          |  203 ++----
 drivers/net/netxen/netxen_nic_phan_reg.h     |   27 +-
 drivers/net/pasemi_mac.c                     |   23 +-
 drivers/net/pci-skeleton.c                   |   19 +-
 drivers/net/pppol2tp.c                       |    3 +-
 drivers/net/r8169.c                          |   61 ++-
 drivers/net/rionet.c                         |   14 +-
 drivers/net/sb1250-mac.c                     |   29 +-
 drivers/net/sfc/boards.c                     |    2 -
 drivers/net/sfc/rx.c                         |   26 +-
 drivers/net/sfc/sfe4001.c                    |    3 -
 drivers/net/sgiseeq.c                        |   18 +-
 drivers/net/smc911x.c                        |   23 +-
 drivers/net/sun3lance.c                      |   17 +-
 drivers/net/tulip/winbond-840.c              |    3 +-
 drivers/net/usb/kaweth.c                     |   33 +-
 drivers/net/usb/usbnet.c                     |    6 -
 drivers/net/virtio_net.c                     |   12 +-
 drivers/net/wan/pc300_drv.c                  |   20 +-
 drivers/net/wireless/at76c50x-usb.c          |    3 +-
 drivers/net/wireless/ath5k/reset.c           |    5 +-
 drivers/net/wireless/ath9k/ath9k.h           |    6 +-
 drivers/net/wireless/ipw2x00/ipw2200.c       |    7 +-
 drivers/net/wireless/ipw2x00/libipw_module.c |    4 -
 drivers/net/wireless/libertas/if_usb.c       |    3 +-
 drivers/net/wireless/libertas_tf/if_usb.c    |    3 +-
 include/linux/if_vlan.h                      |    6 +-
 include/linux/netdevice.h                    |   22 +-
 net/8021q/vlan_core.c                        |    4 +-
 net/core/dev.c                               |   81 +--
 net/ipv4/af_inet.c                           |    2 -
 net/rds/af_rds.c                             |    1 -
 net/rds/connection.c                         |    4 +-
 net/rds/ib.c                                 |    4 +-
 net/rds/ib.h                                 |    2 +-
 net/rds/ib_recv.c                            |    2 +-
 net/rds/ib_ring.c                            |    2 +-
 net/rds/ib_send.c                            |   10 +-
 net/rds/info.c                               |    5 +-
 net/rds/iw.c                                 |    4 +-
 net/rds/iw.h                                 |    2 +-
 net/rds/iw_recv.c                            |    2 +-
 net/rds/iw_ring.c                            |    2 +-
 net/rds/iw_send.c                            |   10 +-
 net/rds/rdma.c                               |    7 +-
 net/rds/rdma_transport.c                     |   12 +-
 net/rds/rds.h                                |    2 +-
 net/rds/send.c                               |   10 +-
 101 files changed, 2492 insertions(+), 2357 deletions(-)
Merging wireless/master
$ git merge wireless/master
Already up-to-date.
Merging mtd/master
$ git merge mtd/master
Merge made by recursive.
 drivers/mtd/mtdcore.c |   18 +++++++++++++++---
 1 files changed, 15 insertions(+), 3 deletions(-)
Merging crypto/master
$ git merge crypto/master
Auto-merging drivers/char/hw_random/omap-rng.c
Merge made by recursive.
 arch/x86/crypto/Makefile           |    2 +
 arch/x86/crypto/aesni-intel_glue.c |  267 ++++++++++++++-
 arch/x86/crypto/fpu.c              |  166 +++++++++
 crypto/Kconfig                     |   10 +
 crypto/api.c                       |    5 +-
 crypto/cryptd.c                    |   14 +-
 crypto/pcompress.c                 |    1 +
 crypto/tcrypt.c                    |   16 +-
 crypto/testmgr.c                   |    6 +-
 drivers/char/hw_random/omap-rng.c  |    2 +-
 drivers/crypto/talitos.c           |  713 ++++++++++++++++++++++++++----------
 11 files changed, 987 insertions(+), 215 deletions(-)
 create mode 100644 arch/x86/crypto/fpu.c
Merging vfs/for-next
$ git merge vfs/for-next
Already up-to-date.
Merging sound/for-next
$ git merge sound/for-next
Merge made by recursive.
 Documentation/sound/alsa/ALSA-Configuration.txt |    7 +
 include/linux/pci_ids.h                         |    5 +
 include/sound/soc-dai.h                         |    1 +
 include/sound/soc-dapm.h                        |   10 +
 include/sound/soc.h                             |    6 +
 sound/isa/Kconfig                               |    7 +-
 sound/isa/sc6000.c                              |  127 ++-
 sound/pci/Kconfig                               |   10 +
 sound/pci/Makefile                              |    1 +
 sound/pci/atiixp.c                              |    6 +
 sound/pci/hda/Kconfig                           |   13 +
 sound/pci/hda/Makefile                          |    4 +
 sound/pci/hda/hda_codec.c                       |    3 +
 sound/pci/hda/hda_intel.c                       |   15 +-
 sound/pci/hda/patch_ca0110.c                    |  573 +++++++++
 sound/pci/lx6464es/Makefile                     |    2 +
 sound/pci/lx6464es/lx6464es.c                   | 1152 ++++++++++++++++++
 sound/pci/lx6464es/lx6464es.h                   |  114 ++
 sound/pci/lx6464es/lx_core.c                    | 1444 +++++++++++++++++++++++
 sound/pci/lx6464es/lx_core.h                    |  242 ++++
 sound/pci/lx6464es/lx_defs.h                    |  376 ++++++
 sound/soc/Kconfig                               |    1 +
 sound/soc/Makefile                              |    1 +
 sound/soc/codecs/Kconfig                        |    8 +
 sound/soc/codecs/Makefile                       |    4 +
 sound/soc/codecs/tlv320aic23.c                  |    2 +
 sound/soc/codecs/twl4030.c                      |  258 ++++-
 sound/soc/codecs/twl4030.h                      |   18 +-
 sound/soc/codecs/wm8903.c                       |    1 +
 sound/soc/codecs/wm8960.c                       |  969 +++++++++++++++
 sound/soc/codecs/wm8960.h                       |  127 ++
 sound/soc/codecs/wm8988.c                       | 1097 +++++++++++++++++
 sound/soc/codecs/wm8988.h                       |   60 +
 sound/soc/codecs/wm9705.c                       |    2 +-
 sound/soc/codecs/wm9713.c                       |   40 +-
 sound/soc/omap/n810.c                           |   11 +-
 sound/soc/omap/omap-mcbsp.c                     |   43 +-
 sound/soc/omap/omap-mcbsp.h                     |    3 +-
 sound/soc/omap/omap-pcm.c                       |    5 +-
 sound/soc/omap/omap-pcm.h                       |    3 +-
 sound/soc/omap/omap2evm.c                       |    2 +-
 sound/soc/omap/omap3beagle.c                    |    2 +-
 sound/soc/omap/omap3pandora.c                   |    4 +-
 sound/soc/omap/overo.c                          |    2 +-
 sound/soc/omap/sdp3430.c                        |    2 +-
 sound/soc/pxa/pxa-ssp.c                         |   47 +-
 sound/soc/s6000/Kconfig                         |   19 +
 sound/soc/s6000/Makefile                        |   11 +
 sound/soc/s6000/s6000-i2s.c                     |  629 ++++++++++
 sound/soc/s6000/s6000-i2s.h                     |   25 +
 sound/soc/s6000/s6000-pcm.c                     |  497 ++++++++
 sound/soc/s6000/s6000-pcm.h                     |   35 +
 sound/soc/s6000/s6105-ipcam.c                   |  244 ++++
 sound/soc/soc-core.c                            |   58 +-
 sound/soc/soc-dapm.c                            |  131 ++-
 sound/usb/usx2y/us122l.c                        |   12 +-
 sound/usb/usx2y/usb_stream.c                    |   67 +-
 57 files changed, 8335 insertions(+), 223 deletions(-)
 create mode 100644 sound/pci/hda/patch_ca0110.c
 create mode 100644 sound/pci/lx6464es/Makefile
 create mode 100644 sound/pci/lx6464es/lx6464es.c
 create mode 100644 sound/pci/lx6464es/lx6464es.h
 create mode 100644 sound/pci/lx6464es/lx_core.c
 create mode 100644 sound/pci/lx6464es/lx_core.h
 create mode 100644 sound/pci/lx6464es/lx_defs.h
 create mode 100644 sound/soc/codecs/wm8960.c
 create mode 100644 sound/soc/codecs/wm8960.h
 create mode 100644 sound/soc/codecs/wm8988.c
 create mode 100644 sound/soc/codecs/wm8988.h
 create mode 100644 sound/soc/s6000/Kconfig
 create mode 100644 sound/soc/s6000/Makefile
 create mode 100644 sound/soc/s6000/s6000-i2s.c
 create mode 100644 sound/soc/s6000/s6000-i2s.h
 create mode 100644 sound/soc/s6000/s6000-pcm.c
 create mode 100644 sound/soc/s6000/s6000-pcm.h
 create mode 100644 sound/soc/s6000/s6105-ipcam.c
Merging cpufreq/next
$ git merge cpufreq/next
Already up-to-date.
Merging v9fs/for-next
$ git merge v9fs/for-next
Resolved 'net/9p/protocol.c' using previous resolution.
Auto-merging net/9p/protocol.c
CONFLICT (content): Merge conflict in net/9p/protocol.c
Automatic merge failed; fix conflicts and then commit the result.
$ git commit -v -a
[master 7b7ce2c] Merge commit 'v9fs/for-next'
$ git diff -M --stat --summary HEAD^..
Merging quilt/rr
$ git merge quilt/rr
Resolved 'arch/x86/kernel/cpu/cpufreq/acpi-cpufreq.c' using previous resolution.
Auto-merging arch/x86/kernel/cpu/cpufreq/acpi-cpufreq.c
CONFLICT (content): Merge conflict in arch/x86/kernel/cpu/cpufreq/acpi-cpufreq.c
Auto-merging arch/x86/lguest/boot.c
Auto-merging drivers/video/uvesafb.c
Auto-merging init/main.c
Automatic merge failed; fix conflicts and then commit the result.
$ git commit -v -a
[master de0ad3d] Merge branch 'quilt/rr'
$ git diff -M --stat --summary HEAD^..
 arch/frv/include/asm/gdb-stub.h                  |    1 -
 arch/mn10300/include/asm/gdb-stub.h              |    1 -
 arch/x86/kernel/acpi/cstate.c                    |   36 ++++--
 arch/x86/kernel/cpu/cpufreq/powernow-k8.c        |  134 +++++++++++-----------
 arch/x86/kernel/cpu/cpufreq/speedstep-centrino.c |   60 +++-------
 arch/x86/kernel/cpu/cpufreq/speedstep-ich.c      |   81 +++++++------
 arch/x86/kernel/cpu/cpufreq/speedstep-lib.c      |    1 +
 drivers/acpi/processor_throttling.c              |   72 +++++-------
 drivers/firmware/dcdbas.c                        |   49 +++-----
 drivers/video/aty/aty128fb.c                     |    2 +-
 drivers/video/cyber2000fb.c                      |    9 +-
 drivers/video/uvesafb.c                          |   10 +-
 include/linux/compiler.h                         |    5 +
 include/linux/cpu.h                              |    5 -
 include/linux/moduleparam.h                      |   40 +++++--
 init/main.c                                      |    1 -
 kernel/cpu.c                                     |   11 +--
 kernel/params.c                                  |   46 +++++---
 18 files changed, 280 insertions(+), 284 deletions(-)
Merging cifs/master
$ git merge cifs/master
Merge made by recursive.
 fs/cifs/CHANGES   |    6 ++++++
 fs/cifs/cifsfs.h  |    2 +-
 fs/cifs/cifssmb.c |   20 ++++++++++----------
 fs/cifs/inode.c   |   21 +++++++++++++++------
 fs/cifs/readdir.c |    2 +-
 5 files changed, 33 insertions(+), 18 deletions(-)
Merging mmc/next
$ git merge mmc/next
Already up-to-date.
Merging gfs2/master
$ git merge gfs2/master
Merge made by recursive.
 fs/gfs2/glops.c    |    6 +++
 fs/gfs2/log.c      |    6 +-
 fs/gfs2/lops.c     |   14 ++++---
 fs/gfs2/meta_io.c  |  104 ++++++++++++++++++++++++++++++++++++++++++----------
 fs/gfs2/ops_file.c |    4 +-
 5 files changed, 104 insertions(+), 30 deletions(-)
Merging input/next
$ git merge input/next
Auto-merging drivers/input/keyboard/Kconfig
Merge made by recursive.
 Documentation/input/input.txt                     |    2 +-
 Documentation/input/rotary-encoder.txt            |    9 +-
 arch/arm/mach-ep93xx/include/mach/ep93xx_keypad.h |   42 ++
 drivers/input/gameport/fm801-gp.c                 |    1 +
 drivers/input/gameport/gameport.c                 |   19 +-
 drivers/input/keyboard/Kconfig                    |   10 +
 drivers/input/keyboard/Makefile                   |    1 +
 drivers/input/keyboard/ep93xx_keypad.c            |  470 +++++++++++++++++++++
 drivers/input/keyboard/gpio_keys.c                |    3 +-
 drivers/input/misc/Kconfig                        |   10 +
 drivers/input/misc/Makefile                       |    1 +
 drivers/input/misc/rotary_encoder.c               |   61 ++-
 drivers/input/misc/twl4030-pwrbutton.c            |  145 +++++++
 drivers/input/serio/serio.c                       |   21 +-
 drivers/input/tablet/gtco.c                       |    1 +
 drivers/input/touchscreen/Kconfig                 |   15 +
 drivers/input/touchscreen/Makefile                |    1 +
 drivers/input/touchscreen/atmel-wm97xx.c          |  446 +++++++++++++++++++
 include/linux/rotary_encoder.h                    |    2 +
 19 files changed, 1215 insertions(+), 45 deletions(-)
 create mode 100644 arch/arm/mach-ep93xx/include/mach/ep93xx_keypad.h
 create mode 100644 drivers/input/keyboard/ep93xx_keypad.c
 create mode 100644 drivers/input/misc/twl4030-pwrbutton.c
 create mode 100644 drivers/input/touchscreen/atmel-wm97xx.c
Merging bkl-removal/bkl-removal
$ git merge bkl-removal/bkl-removal
Already up-to-date.
Merging ubifs/linux-next
$ git merge ubifs/linux-next
Already up-to-date.
Merging lsm/for-next
$ git merge lsm/for-next
Already up-to-date.
Merging block/for-next
$ git merge block/for-next
Merge made by recursive.
 block/blk-settings.c  |   20 ++++----
 block/blk-timeout.c   |    6 ++
 block/genhd.c         |   12 +++--
 block/scsi_ioctl.c    |   13 +++++-
 drivers/block/loop.c  |   26 +++--------
 fs/bio.c              |  124 ++++++++++++++++++++++--------------------------
 include/linux/bio.h   |    3 +-
 include/linux/genhd.h |    1 +
 include/linux/loop.h  |    3 +-
 lib/scatterlist.c     |    9 ++-
 10 files changed, 111 insertions(+), 106 deletions(-)
Merging embedded/master
$ git merge embedded/master
Already up-to-date.
Merging firmware/master
$ git merge firmware/master
Merge made by recursive.
 drivers/base/firmware_class.c |  129 ++++++++++++++++++++++++++++++++--------
 1 files changed, 103 insertions(+), 26 deletions(-)
Merging pcmcia/master
$ git merge pcmcia/master
Already up-to-date.
Merging battery/master
$ git merge battery/master
Already up-to-date.
Merging leds/for-mm
$ git merge leds/for-mm
Already up-to-date.
Merging backlight/for-mm
$ git merge backlight/for-mm
Already up-to-date.
Merging kgdb/kgdb-next
$ git merge kgdb/kgdb-next
Auto-merging arch/x86/kernel/kgdb.c
Merge made by recursive.
 Documentation/DocBook/kgdb.tmpl |    2 +-
 arch/x86/kernel/kgdb.c          |    3 +-
 include/linux/kgdb.h            |   50 +++++++++++++++++++++++++++++++++-----
 kernel/kgdb.c                   |    6 ++--
 4 files changed, 49 insertions(+), 12 deletions(-)
Merging slab/for-next
$ git merge slab/for-next
Auto-merging init/Kconfig
Merge made by recursive.
 Documentation/vm/slqbinfo.c | 1054 ++++++++++++
 include/linux/rcu_types.h   |   18 +
 include/linux/rcupdate.h    |   11 +-
 include/linux/slab.h        |   10 +-
 include/linux/slqb_def.h    |  299 ++++
 init/Kconfig                |   28 +-
 lib/Kconfig.debug           |   20 +
 mm/Makefile                 |    1 +
 mm/slqb.c                   | 3732 +++++++++++++++++++++++++++++++++++++++++++
 9 files changed, 5157 insertions(+), 16 deletions(-)
 create mode 100644 Documentation/vm/slqbinfo.c
 create mode 100644 include/linux/rcu_types.h
 create mode 100644 include/linux/slqb_def.h
 create mode 100644 mm/slqb.c
Merging uclinux/for-next
$ git merge uclinux/for-next
Already up-to-date.
Merging md/for-next
$ git merge md/for-next
Already up-to-date.
Merging mfd/for-next
$ git merge mfd/for-next
Already up-to-date.
Merging hdlc/hdlc-next
$ git merge hdlc/hdlc-next
Already up-to-date.
Merging drm/drm-next
$ git merge drm/drm-next
Already up-to-date.
Merging voltage/for-next
$ git merge voltage/for-next
Merge made by recursive.
 drivers/regulator/core.c         |    8 ++++----
 include/linux/regulator/driver.h |    1 +
 2 files changed, 5 insertions(+), 4 deletions(-)
Merging security-testing/next
$ git merge security-testing/next
Auto-merging Documentation/sysctl/kernel.txt
Auto-merging kernel/module.c
Auto-merging kernel/sysctl.c
Auto-merging security/commoncap.c
Auto-merging security/smack/smack_lsm.c
Auto-merging security/smack/smackfs.c
Auto-merging security/tomoyo/common.c
Auto-merging security/tomoyo/common.h
Auto-merging security/tomoyo/domain.c
Merge made by recursive.
 Documentation/Smack.txt             |   20 ++-
 Documentation/sysctl/kernel.txt     |   11 +
 include/linux/lsm_audit.h           |  111 ++++++++++
 kernel/module.c                     |    7 +-
 kernel/sysctl.c                     |   12 +
 security/Makefile                   |    3 +
 security/commoncap.c                |   32 +++
 security/lsm_audit.c                |  386 ++++++++++++++++++++++++++++++++++
 security/selinux/avc.c              |    2 +-
 security/selinux/include/security.h |    4 +-
 security/selinux/selinuxfs.c        |    4 +-
 security/selinux/ss/services.c      |   30 +---
 security/smack/smack.h              |  108 ++++++++++-
 security/smack/smack_access.c       |  141 +++++++++++--
 security/smack/smack_lsm.c          |  390 ++++++++++++++++++++++++++--------
 security/smack/smackfs.c            |   66 ++++++
 16 files changed, 1185 insertions(+), 142 deletions(-)
 create mode 100644 include/linux/lsm_audit.h
 create mode 100644 security/lsm_audit.c
Merging lblnet/master
$ git merge lblnet/master
Already up-to-date.
Merging quilt/ttydev
$ git merge quilt/ttydev
Auto-merging drivers/usb/serial/ftdi_sio.c
Auto-merging drivers/usb/serial/option.c
Merge made by recursive.
 drivers/char/cyclades.c               |   23 ++------
 drivers/char/epca.c                   |    4 +-
 drivers/char/isicom.c                 |   19 ++++--
 drivers/char/istallion.c              |    8 +-
 drivers/char/mxser.c                  |   12 +++-
 drivers/char/pcmcia/synclink_cs.c     |   11 ++-
 drivers/char/rocket.c                 |   13 +++-
 drivers/char/stallion.c               |    6 +-
 drivers/char/synclink.c               |    9 ++-
 drivers/char/synclink_gt.c            |    9 ++-
 drivers/char/synclinkmp.c             |    9 ++-
 drivers/char/tty_port.c               |   38 +++++++++++-
 drivers/usb/serial/belkin_sa.c        |    6 +-
 drivers/usb/serial/ch341.c            |   46 +++++++++-------
 drivers/usb/serial/console.c          |    6 +-
 drivers/usb/serial/cp210x.c           |    6 +-
 drivers/usb/serial/cyberjack.c        |    6 +-
 drivers/usb/serial/cypress_m8.c       |   85 ++++++++--------------------
 drivers/usb/serial/digi_acceleport.c  |   17 +-----
 drivers/usb/serial/empeg.c            |    6 +-
 drivers/usb/serial/ftdi_sio.c         |   50 +++++++++-------
 drivers/usb/serial/garmin_gps.c       |    3 +-
 drivers/usb/serial/generic.c          |    9 +---
 drivers/usb/serial/io_edgeport.c      |   10 +--
 drivers/usb/serial/io_ti.c            |    3 +-
 drivers/usb/serial/ipaq.c             |    6 +-
 drivers/usb/serial/ipw.c              |   18 +++---
 drivers/usb/serial/ir-usb.c           |    6 +-
 drivers/usb/serial/iuu_phoenix.c      |   25 +--------
 drivers/usb/serial/keyspan.c          |   13 +++-
 drivers/usb/serial/keyspan.h          |    8 ++-
 drivers/usb/serial/keyspan_pda.c      |   17 ++++--
 drivers/usb/serial/kl5kusb105.c       |    6 +-
 drivers/usb/serial/kobil_sct.c        |    9 +--
 drivers/usb/serial/mct_u232.c         |   37 ++++++------
 drivers/usb/serial/mos7720.c          |    3 +-
 drivers/usb/serial/mos7840.c          |   48 +----------------
 drivers/usb/serial/navman.c           |    3 +-
 drivers/usb/serial/omninet.c          |    6 +-
 drivers/usb/serial/opticon.c          |    3 +-
 drivers/usb/serial/option.c           |   71 +++++++++++------------
 drivers/usb/serial/oti6858.c          |   57 ++-----------------
 drivers/usb/serial/pl2303.c           |   79 ++++++++++----------------
 drivers/usb/serial/sierra.c           |   87 ++++++++++++++---------------
 drivers/usb/serial/spcp8x5.c          |   85 ++++++++++------------------
 drivers/usb/serial/symbolserial.c     |    3 +-
 drivers/usb/serial/ti_usb_3410_5052.c |    6 +-
 drivers/usb/serial/usb-serial.c       |   99 ++++++++++++++++++++-------------
 drivers/usb/serial/visor.c            |    6 +-
 drivers/usb/serial/whiteheat.c        |   33 +----------
 include/linux/tty.h                   |    6 ++-
 include/linux/usb/serial.h            |   10 ++-
 52 files changed, 496 insertions(+), 668 deletions(-)
$ git reset --hard HEAD^
HEAD is now at 1067d05 Merge commit 'security-testing/next'
Merging refs/next/20090417/ttydev
$ git merge refs/next/20090417/ttydev
Resolved 'drivers/serial/8250_pci.c' using previous resolution.
Resolved 'fs/devpts/inode.c' using previous resolution.
Auto-merging arch/x86/kernel/kprobes.c
Auto-merging drivers/char/cyclades.c
Auto-merging drivers/char/vt.c
Auto-merging drivers/pci/quirks.c
Auto-merging drivers/serial/8250_pci.c
CONFLICT (content): Merge conflict in drivers/serial/8250_pci.c
Auto-merging drivers/serial/Kconfig
Auto-merging drivers/serial/bfin_5xx.c
Auto-merging drivers/serial/cpm_uart/cpm_uart_core.c
Auto-merging drivers/serial/jsm/jsm_tty.c
Auto-merging drivers/usb/class/cdc-acm.c
Auto-merging fs/devpts/inode.c
CONFLICT (content): Merge conflict in fs/devpts/inode.c
Auto-merging include/linux/pci_ids.h
Auto-merging include/linux/serial_core.h
Automatic merge failed; fix conflicts and then commit the result.
$ git commit -v -a
[master cd29758] Merge commit 'refs/next/20090417/ttydev'
$ git diff -M --stat --summary HEAD^..
 drivers/serial/Kconfig    |    2 +-
 drivers/serial/bfin_5xx.c |    7 ++++++-
 2 files changed, 7 insertions(+), 2 deletions(-)
Merging agp/agp-next
$ git merge agp/agp-next
Already up-to-date.
Merging generic-ipi/auto-generic-ipi-next
$ git merge generic-ipi/auto-generic-ipi-next
Already up-to-date.
Merging oprofile/auto-oprofile-next
$ git merge oprofile/auto-oprofile-next
Already up-to-date.
Merging fastboot/auto-fastboot-next
$ git merge fastboot/auto-fastboot-next
Already up-to-date.
Merging sparseirq/auto-sparseirq-next
$ git merge sparseirq/auto-sparseirq-next
Already uptodate!
Merge made by recursive.
Merging iommu/auto-iommu-next
$ git merge iommu/auto-iommu-next
Merge made by recursive.
 arch/x86/Kconfig.debug           |    3 +-
 arch/x86/kernel/pci-calgary_64.c |   54 +----------------
 arch/x86/kernel/pci-gart_64.c    |   45 +++------------
 arch/x86/kernel/pci-swiotlb.c    |    2 +-
 include/linux/dma-debug.h        |    7 ++
 include/linux/swiotlb.h          |    3 +-
 lib/dma-debug.c                  |   72 +++++++++++++++++++++--
 lib/swiotlb.c                    |  119 ++++++++++++++++++++------------------
 8 files changed, 149 insertions(+), 156 deletions(-)
Merging uwb/for-upstream
$ git merge uwb/for-upstream
Already up-to-date.
Merging watchdog/master
$ git merge watchdog/master
Merge made by recursive.
 drivers/watchdog/alim7101_wdt.c        |   15 +++++++++++----
 drivers/watchdog/at91rm9200_wdt.c      |    3 ++-
 drivers/watchdog/bfin_wdt.c            |   14 ++++++++++----
 drivers/watchdog/cpwd.c                |    6 +++---
 drivers/watchdog/davinci_wdt.c         |    6 +++---
 drivers/watchdog/iTCO_vendor_support.c |    6 +++---
 drivers/watchdog/iTCO_wdt.c            |   22 +++++++++++-----------
 drivers/watchdog/ks8695_wdt.c          |    4 ++--
 drivers/watchdog/machzwd.c             |    9 ++++++---
 drivers/watchdog/mpcore_wdt.c          |    7 +++++--
 drivers/watchdog/mtx-1_wdt.c           |    6 +++---
 drivers/watchdog/pnx4008_wdt.c         |    6 +++---
 drivers/watchdog/rdc321x_wdt.c         |    4 ++--
 drivers/watchdog/rm9k_wdt.c            |    6 +++---
 drivers/watchdog/s3c2410_wdt.c         |   32 ++++++++++++++------------------
 drivers/watchdog/sb_wdog.c             |    7 ++++---
 drivers/watchdog/sbc60xxwdt.c          |    5 +++--
 drivers/watchdog/sbc8360.c             |    4 ++--
 drivers/watchdog/sbc_epx_c3.c          |    9 ++++++---
 drivers/watchdog/scx200_wdt.c          |    4 +++-
 drivers/watchdog/shwdt.c               |    4 +++-
 drivers/watchdog/softdog.c             |    7 +++++--
 drivers/watchdog/w83697hf_wdt.c        |    3 ++-
 drivers/watchdog/wdrtas.c              |    7 +------
 24 files changed, 110 insertions(+), 86 deletions(-)
Merging bdev/master
$ git merge bdev/master
Already up-to-date.
Merging dwmw2-iommu/master
$ git merge dwmw2-iommu/master
Already up-to-date.
Merging cputime/cputime
$ git merge cputime/cputime
Already up-to-date.
Merging osd/linux-next
$ git merge osd/linux-next
Already up-to-date.
Merging fatfs/master
$ git merge fatfs/master
Already up-to-date.
Merging fuse/for-next
$ git merge fuse/for-next
Already up-to-date.
Merging jc_docs/docs-next
$ git merge jc_docs/docs-next
Merge made by recursive.
 Documentation/SubmittingPatches |    9 ++++++++-
 1 files changed, 8 insertions(+), 1 deletions(-)
Merging nommu/master
$ git merge nommu/master
Already up-to-date.
Merging trivial/for-next
$ git merge trivial/for-next
Auto-merging net/core/dev.c
Merge made by recursive.
 drivers/char/amiserial.c                |    2 +-
 drivers/media/video/hdpvr/hdpvr-video.c |    2 +-
 drivers/mtd/Kconfig                     |    3 ++-
 drivers/net/b44.h                       |    2 +-
 drivers/net/e100.c                      |    2 +-
 drivers/net/niu.h                       |    4 ++--
 drivers/net/wireless/rndis_wlan.c       |    2 +-
 drivers/scsi/megaraid.h                 |    2 +-
 drivers/scsi/megaraid/mbox_defs.h       |    2 +-
 drivers/serial/8250_pci.c               |    2 --
 drivers/staging/rt2860/common/mlme.c    |    2 +-
 drivers/staging/rt2870/common/mlme.c    |    2 +-
 drivers/staging/rt3070/common/mlme.c    |    2 +-
 drivers/watchdog/iop_wdt.c              |    2 +-
 fs/compat.c                             |    2 +-
 fs/compat_ioctl.c                       |    2 +-
 fs/ext2/ext2.h                          |    2 +-
 fs/inode.c                              |    2 +-
 include/linux/ultrasound.h              |    2 +-
 kernel/power/poweroff.c                 |    2 +-
 net/netfilter/nf_conntrack_acct.c       |    2 +-
 sound/pci/aw2/aw2-saa7146.c             |    2 +-
 sound/usb/usbmixer.c                    |    2 +-
 23 files changed, 24 insertions(+), 25 deletions(-)
Merging audit/for-next
$ git merge audit/for-next
Already up-to-date.
Merging squashfs/master
$ git merge squashfs/master
Already up-to-date.
Merging omap/for-next
$ git merge omap/for-next
Already up-to-date.
Merging quilt/aoe
$ git merge quilt/aoe
Already up-to-date.
Merging kmemleak/kmemleak
$ git merge kmemleak/kmemleak
Resolved 'Documentation/kernel-parameters.txt' using previous resolution.
Resolved 'init/main.c' using previous resolution.
Resolved 'lib/Kconfig.debug' using previous resolution.
Resolved 'mm/slob.c' using previous resolution.
Auto-merging Documentation/kernel-parameters.txt
CONFLICT (content): Merge conflict in Documentation/kernel-parameters.txt
Auto-merging MAINTAINERS
Auto-merging drivers/char/vt.c
Auto-merging fs/block_dev.c
Auto-merging include/linux/percpu.h
Auto-merging include/linux/slab.h
Auto-merging init/main.c
CONFLICT (content): Merge conflict in init/main.c
Auto-merging kernel/module.c
Auto-merging lib/Kconfig.debug
CONFLICT (content): Merge conflict in lib/Kconfig.debug
Auto-merging mm/Makefile
Auto-merging mm/page_alloc.c
Auto-merging mm/slab.c
Auto-merging mm/slob.c
CONFLICT (content): Merge conflict in mm/slob.c
Auto-merging mm/slub.c
Auto-merging mm/vmalloc.c
Automatic merge failed; fix conflicts and then commit the result.
$ git commit -v -a
[master 2bda766] Merge commit 'kmemleak/kmemleak'
$ git diff -M --stat --summary HEAD^..
 Documentation/kernel-parameters.txt |    4 +
 Documentation/kmemleak.txt          |  142 ++++
 MAINTAINERS                         |    6 +
 arch/arm/kernel/vmlinux.lds.S       |    2 +
 arch/x86/kernel/vmlinux_32.lds.S    |    1 +
 arch/x86/kernel/vmlinux_64.lds.S    |    1 +
 drivers/char/vt.c                   |    7 +
 fs/block_dev.c                      |    6 +
 include/linux/kmemleak.h            |   96 +++
 include/linux/percpu.h              |    5 +
 include/linux/slab.h                |    2 +
 init/main.c                         |    4 +-
 kernel/module.c                     |   56 ++
 lib/Kconfig.debug                   |   33 +
 mm/Makefile                         |    2 +
 mm/kmemleak-test.c                  |  111 +++
 mm/kmemleak.c                       | 1498 +++++++++++++++++++++++++++++++++++
 mm/page_alloc.c                     |   11 +
 mm/slab.c                           |   32 +-
 mm/slob.c                           |    7 +
 mm/slub.c                           |    5 +-
 mm/vmalloc.c                        |   30 +-
 22 files changed, 2054 insertions(+), 7 deletions(-)
 create mode 100644 Documentation/kmemleak.txt
 create mode 100644 include/linux/kmemleak.h
 create mode 100644 mm/kmemleak-test.c
 create mode 100644 mm/kmemleak.c
Merging suspend/linux-next
$ git merge suspend/linux-next
Already up-to-date.
Merging nilfs2/for-next
$ git merge nilfs2/for-next
Already up-to-date.
Merging quilt/driver-core
$ git merge quilt/driver-core
Auto-merging include/linux/sched.h
Auto-merging init/Kconfig
Merge made by recursive.
 include/linux/sched.h |    2 +-
 init/Kconfig          |    6 ++--
 kernel/user.c         |   67 ++++++++++++++++++++++++++++--------------------
 3 files changed, 43 insertions(+), 32 deletions(-)
Merging quilt/usb
$ git merge quilt/usb
Merge made by recursive.
 drivers/usb/host/ehci-orion.c      |    2 +-
 drivers/usb/host/r8a66597-hcd.c    |    2 +-
 drivers/usb/musb/Kconfig           |    2 +
 drivers/usb/musb/blackfin.c        |   11 +-
 drivers/usb/musb/cppi_dma.c        |   34 ++++-
 drivers/usb/musb/cppi_dma.h        |    6 +-
 drivers/usb/musb/davinci.c         |   54 ++++----
 drivers/usb/musb/musb_core.c       |  228 +++++++++++++++++-------------
 drivers/usb/musb/musb_core.h       |   22 +++-
 drivers/usb/musb/musb_gadget.c     |   45 +++---
 drivers/usb/musb/musb_gadget_ep0.c |   45 +++++-
 drivers/usb/musb/musb_host.c       |  273 ++++++++++++++----------------------
 drivers/usb/musb/musb_host.h       |    1 +
 drivers/usb/musb/musb_virthub.c    |   35 +++--
 drivers/usb/musb/omap2430.c        |   64 +++------
 drivers/usb/musb/tusb6010.c        |   70 ++++++----
 drivers/usb/otg/nop-usb-xceiv.c    |   25 ++--
 drivers/usb/otg/twl4030-usb.c      |   28 +++-
 include/linux/usb/otg.h            |    4 +-
 19 files changed, 512 insertions(+), 439 deletions(-)
Merging quilt/staging
$ git merge quilt/staging
Removing drivers/staging/comedi/interrupt.h
Merge made by recursive.
 drivers/staging/agnx/pci.c                         |   43 +-
 drivers/staging/agnx/phy.c                         |    4 +-
 drivers/staging/agnx/phy.h                         |    2 +-
 drivers/staging/agnx/sta.c                         |    2 +-
 drivers/staging/agnx/sta.h                         |    2 +-
 drivers/staging/comedi/Kconfig                     |    2 +-
 drivers/staging/comedi/comedi_fops.c               |  418 +++++-
 drivers/staging/comedi/comedi_rt.h                 |    5 +-
 drivers/staging/comedi/comedidev.h                 |   14 +-
 drivers/staging/comedi/drivers/8253.h              |   46 +-
 drivers/staging/comedi/drivers/acl7225b.c          |    4 +-
 .../comedi/drivers/addi-data/APCI1710_82x54.c      |  352 +++---
 .../comedi/drivers/addi-data/APCI1710_82x54.h      |   32 +-
 .../comedi/drivers/addi-data/APCI1710_Chrono.c     |  366 +++---
 .../comedi/drivers/addi-data/APCI1710_Chrono.h     |   36 +-
 .../comedi/drivers/addi-data/APCI1710_Dig_io.c     |  275 ++--
 .../comedi/drivers/addi-data/APCI1710_Dig_io.h     |    8 +-
 .../comedi/drivers/addi-data/APCI1710_INCCPT.c     |  910 ++++++------
 .../comedi/drivers/addi-data/APCI1710_INCCPT.h     |  188 ++--
 .../comedi/drivers/addi-data/APCI1710_Inp_cpt.c    |  176 ++--
 .../comedi/drivers/addi-data/APCI1710_Inp_cpt.h    |    8 +-
 .../comedi/drivers/addi-data/APCI1710_Pwm.c        | 1276 ++++++++--------
 .../comedi/drivers/addi-data/APCI1710_Pwm.h        |   70 +-
 .../comedi/drivers/addi-data/APCI1710_Ssi.c        |  196 ++--
 .../comedi/drivers/addi-data/APCI1710_Ssi.h        |    6 +-
 .../comedi/drivers/addi-data/APCI1710_Tor.c        |  402 +++---
 .../comedi/drivers/addi-data/APCI1710_Tor.h        |    8 +-
 .../comedi/drivers/addi-data/APCI1710_Ttl.c        |  168 +-
 .../comedi/drivers/addi-data/APCI1710_Ttl.h        |    8 +-
 .../comedi/drivers/addi-data/addi_amcc_S5920.c     |   80 +-
 .../comedi/drivers/addi-data/addi_amcc_S5920.h     |    6 +-
 .../comedi/drivers/addi-data/addi_amcc_s5933.h     |    2 +-
 .../staging/comedi/drivers/addi-data/addi_common.c |   96 +-
 .../staging/comedi/drivers/addi-data/addi_common.h |  356 +++---
 .../staging/comedi/drivers/addi-data/addi_eeprom.c |  403 +++---
 .../comedi/drivers/addi-data/amcc_s5933_58.h       |   28 +-
 .../comedi/drivers/addi-data/hwdrv_APCI1710.c      |  126 +-
 .../comedi/drivers/addi-data/hwdrv_APCI1710.h      |    2 +-
 .../comedi/drivers/addi-data/hwdrv_apci035.c       |   98 +-
 .../comedi/drivers/addi-data/hwdrv_apci035.h       |   34 +-
 .../comedi/drivers/addi-data/hwdrv_apci1032.c      |   86 +-
 .../comedi/drivers/addi-data/hwdrv_apci1032.h      |   29 +-
 .../comedi/drivers/addi-data/hwdrv_apci1500.c      |  380 +++---
 .../comedi/drivers/addi-data/hwdrv_apci1500.h      |    4 +-
 .../comedi/drivers/addi-data/hwdrv_apci1516.c      |  116 +-
 .../comedi/drivers/addi-data/hwdrv_apci1516.h      |   29 +-
 .../comedi/drivers/addi-data/hwdrv_apci1564.c      |  340 +++--
 .../comedi/drivers/addi-data/hwdrv_apci1564.h      |   52 +-
 .../comedi/drivers/addi-data/hwdrv_apci16xx.c      |   94 +-
 .../comedi/drivers/addi-data/hwdrv_apci2016.c      |   98 +-
 .../comedi/drivers/addi-data/hwdrv_apci2016.h      |   26 +-
 .../comedi/drivers/addi-data/hwdrv_apci2032.c      |  128 +-
 .../comedi/drivers/addi-data/hwdrv_apci2032.h      |   32 +-
 .../comedi/drivers/addi-data/hwdrv_apci2200.c      |  110 +-
 .../comedi/drivers/addi-data/hwdrv_apci2200.h      |   26 +-
 .../comedi/drivers/addi-data/hwdrv_apci3120.c      |  966 ++++++------
 .../comedi/drivers/addi-data/hwdrv_apci3120.h      |  142 +-
 .../comedi/drivers/addi-data/hwdrv_apci3200.c      | 1612 ++++++++++----------
 .../comedi/drivers/addi-data/hwdrv_apci3200.h      |  176 ++--
 .../comedi/drivers/addi-data/hwdrv_apci3501.c      |  185 ++--
 .../comedi/drivers/addi-data/hwdrv_apci3501.h      |   44 +-
 .../comedi/drivers/addi-data/hwdrv_apci3xxx.c      |  158 +-
 drivers/staging/comedi/drivers/addi_apci_035.c     |    2 +-
 drivers/staging/comedi/drivers/adl_pci6208.c       |  122 +-
 drivers/staging/comedi/drivers/adl_pci7296.c       |    6 +-
 drivers/staging/comedi/drivers/adl_pci8164.c       |    8 +-
 drivers/staging/comedi/drivers/adl_pci9111.c       |    3 +-
 drivers/staging/comedi/drivers/adl_pci9118.c       |  453 +++---
 drivers/staging/comedi/drivers/adv_pci1710.c       |  202 ++--
 drivers/staging/comedi/drivers/adv_pci1723.c       |   52 +-
 drivers/staging/comedi/drivers/aio_aio12_8.c       |   12 +-
 drivers/staging/comedi/drivers/amcc_s5933.h        |   10 +-
 drivers/staging/comedi/drivers/amplc_dio200.c      |    4 +-
 drivers/staging/comedi/drivers/amplc_pc236.c       |   10 +-
 drivers/staging/comedi/drivers/amplc_pci224.c      |    4 +-
 drivers/staging/comedi/drivers/amplc_pci230.c      |    6 +-
 drivers/staging/comedi/drivers/c6xdigio.c          |  102 +-
 drivers/staging/comedi/drivers/cb_das16_cs.c       |   12 +-
 drivers/staging/comedi/drivers/cb_pcidas.c         |  355 +++---
 drivers/staging/comedi/drivers/cb_pcidas64.c       |  603 ++++----
 drivers/staging/comedi/drivers/cb_pcidda.c         |  203 ++--
 drivers/staging/comedi/drivers/cb_pcidio.c         |   33 +-
 drivers/staging/comedi/drivers/cb_pcimdas.c        |  122 +-
 drivers/staging/comedi/drivers/cb_pcimdda.c        |    8 +-
 drivers/staging/comedi/drivers/comedi_parport.c    |    3 +-
 drivers/staging/comedi/drivers/comedi_rt_timer.c   |  101 +-
 drivers/staging/comedi/drivers/daqboard2000.c      |  132 +-
 drivers/staging/comedi/drivers/das08.c             |   98 +-
 drivers/staging/comedi/drivers/das08.h             |   20 +-
 drivers/staging/comedi/drivers/das08_cs.c          |    6 +-
 drivers/staging/comedi/drivers/das16.c             |  174 ++--
 drivers/staging/comedi/drivers/das16m1.c           |   54 +-
 drivers/staging/comedi/drivers/das1800.c           |  208 ++--
 drivers/staging/comedi/drivers/das6402.c           |    4 +-
 drivers/staging/comedi/drivers/das800.c            |   30 +-
 drivers/staging/comedi/drivers/dmm32at.c           |   18 +-
 drivers/staging/comedi/drivers/dt2801.c            |   15 +-
 drivers/staging/comedi/drivers/dt2811.c            |   11 +-
 drivers/staging/comedi/drivers/dt2814.c            |    4 +-
 drivers/staging/comedi/drivers/dt282x.c            |    2 +-
 drivers/staging/comedi/drivers/dt3000.c            |    6 +-
 drivers/staging/comedi/drivers/gsc_hpdi.c          |  124 +-
 drivers/staging/comedi/drivers/icp_multi.c         |    2 +-
 drivers/staging/comedi/drivers/jr3_pci.c           |  160 +-
 drivers/staging/comedi/drivers/ke_counter.c        |    4 +-
 drivers/staging/comedi/drivers/me4000.c            |    4 +-
 drivers/staging/comedi/drivers/mpc624.c            |  122 +-
 drivers/staging/comedi/drivers/ni_6527.c           |    4 +-
 drivers/staging/comedi/drivers/ni_65xx.c           |   10 +-
 drivers/staging/comedi/drivers/ni_660x.c           |   45 +-
 drivers/staging/comedi/drivers/ni_670x.c           |    2 +-
 drivers/staging/comedi/drivers/ni_at_a2150.c       |  186 ++--
 drivers/staging/comedi/drivers/ni_at_ao.c          |    4 +-
 drivers/staging/comedi/drivers/ni_atmio.c          |    9 +-
 drivers/staging/comedi/drivers/ni_atmio16d.c       |   10 +-
 drivers/staging/comedi/drivers/ni_daq_700.c        |   20 +-
 drivers/staging/comedi/drivers/ni_daq_dio24.c      |   48 +-
 drivers/staging/comedi/drivers/ni_labpc.c          |  394 +++---
 drivers/staging/comedi/drivers/ni_labpc.h          |   46 +-
 drivers/staging/comedi/drivers/ni_labpc_cs.c       |   32 +-
 drivers/staging/comedi/drivers/ni_mio_common.c     |  206 ++--
 drivers/staging/comedi/drivers/ni_mio_cs.c         |   10 +-
 drivers/staging/comedi/drivers/ni_pcidio.c         |    2 +-
 drivers/staging/comedi/drivers/ni_pcimio.c         |   37 +-
 drivers/staging/comedi/drivers/ni_stc.h            |  120 +-
 drivers/staging/comedi/drivers/ni_tio.c            |    2 +-
 drivers/staging/comedi/drivers/ni_tio.h            |    2 +-
 drivers/staging/comedi/drivers/ni_tio_internal.h   |    6 +-
 drivers/staging/comedi/drivers/ni_tiocmd.c         |    2 +-
 drivers/staging/comedi/drivers/pcl711.c            |    2 +-
 drivers/staging/comedi/drivers/pcl724.c            |   18 +-
 drivers/staging/comedi/drivers/pcl726.c            |   18 +-
 drivers/staging/comedi/drivers/pcl730.c            |    4 +-
 drivers/staging/comedi/drivers/pcl812.c            |  158 +-
 drivers/staging/comedi/drivers/pcl816.c            |  260 ++--
 drivers/staging/comedi/drivers/pcl818.c            |  390 +++---
 drivers/staging/comedi/drivers/pcm3724.c           |   28 +-
 drivers/staging/comedi/drivers/pcm3730.c           |    4 +-
 drivers/staging/comedi/drivers/pcmmio.c            |    4 +-
 drivers/staging/comedi/drivers/pcmuio.c            |    4 +-
 drivers/staging/comedi/drivers/poc.c               |    4 +-
 drivers/staging/comedi/drivers/quatech_daqp_cs.c   |    2 +-
 drivers/staging/comedi/drivers/rtd520.c            |    5 +-
 drivers/staging/comedi/drivers/rti800.c            |    6 +-
 drivers/staging/comedi/drivers/s526.c              |  272 ++--
 drivers/staging/comedi/drivers/s626.c              |    4 +-
 drivers/staging/comedi/drivers/serial2002.c        |   18 +-
 drivers/staging/comedi/drivers/ssv_dnp.c           |    3 +-
 drivers/staging/comedi/drivers/unioxx5.c           |    4 +-
 drivers/staging/comedi/drivers/usbduxfast.c        |    2 +-
 drivers/staging/comedi/interrupt.h                 |   51 -
 drivers/staging/comedi/kcomedilib/ksyms.c          |   49 +-
 drivers/staging/comedi/rt.c                        |   16 +-
 drivers/staging/comedi/rt_pend_tq.c                |    2 +-
 drivers/staging/meilhaus/memain.c                  |  182 ++-
 drivers/staging/meilhaus/memain.h                  |  194 ---
 156 files changed, 8943 insertions(+), 8683 deletions(-)
 delete mode 100644 drivers/staging/comedi/interrupt.h
Merging scsi-post-merge/master
$ git merge scsi-post-merge/master
Already up-to-date.
